[jobify-demos.astoundify.com/classic/index.html]
[backblue.gif]
[fade.gif]
[index.html]
[17314-presscdn-0-16-pagely.netdna-ssl.com/classic/wp-content/plugins/woocommerce/assets/css/woocommerce-layout0226.css]
[17314-presscdn-0-16-pagely.netdna-ssl.com/classic/wp-content/plugins/woocommerce/assets/css/woocommerce-smallscreen0226.css]
[jobify-demos.astoundify.com/classic/feed/index.html]
[jobify-demos.astoundify.com/classic/comments/feed/index.html]
[17314-presscdn-0-16-pagely.netdna-ssl.com/classic/wp-content/themes/jobify/styled172.css]
[17314-presscdn-0-16-pagely.netdna-ssl.com/classic/wp-content/themes/jobify-child/style7bcd.css]
[17314-presscdn-0-16-pagely.netdna-ssl.com/classic/wp-content/plugins/jetpack-sharing/sharedaddy/sharing5219.css]
[17314-presscdn-0-16-pagely.netdna-ssl.com/classic/wp-content/plugins/jetpack-sharing/genericons/genericons/genericons128b.css]
[17314-presscdn-0-16-pagely.netdna-ssl.com/classic/wp-includes/js/jquery/jqueryb8ff.js]
[17314-presscdn-0-16-pagely.netdna-ssl.com/classic/wp-includes/js/jquery/jquery-migrate.min330a.js]
[jobify-demos.astoundify.com/classic/xmlrpc0db0.php]
[jobify-demos.astoundify.com/classic/wp-json/index.html]
[jobify-demos.astoundify.com/classic/wp-json/oembed/1.0/embed8fa7.json]
[jobify-demos.astoundify.com/classic/wp-json/oembed/1.0/embed194a]
[17314-presscdn-0-16-pagely.netdna-ssl.com/classic/wp-content/uploads/sites/2/2016/04/cropped-site-icon-classic-32x32.png]
[17314-presscdn-0-16-pagely.netdna-ssl.com/classic/wp-content/uploads/sites/2/2016/04/cropped-site-icon-classic-192x192.png]
[17314-presscdn-0-16-pagely.netdna-ssl.com/classic/wp-content/uploads/sites/2/2016/04/cropped-site-icon-classic-180x180.png]
[17314-presscdn-0-16-pagely.netdna-ssl.com/classic/wp-content/uploads/sites/2/2016/07/landing_hero_optimized.jpg]
[17314-presscdn-0-16-pagely.netdna-ssl.com/classic/wp-content/uploads/sites/2/2016/04/hero-image-text-right-darker.jpg]
[jobify-demos.astoundify.com/classic/find-a-job/index.html]
[jobify-demos.astoundify.com/classic/job-region/ontario/index.html]
[jobify-demos.astoundify.com/classic/job-region/kansas/index.html]
[17314-presscdn-0-16-pagely.netdna-ssl.com/classic/wp-content/uploads/sites/2/2014/03/company-logo-shopify-150x150.jpg]
[jobify-demos.astoundify.com/classic/job-region/palo-alto/index.html]
[jobify-demos.astoundify.com/classic/job-region/san-francisco/index.html]
[jobify-demos.astoundify.com/classic/job-region/daly-city/index.html]
[jobify-demos.astoundify.com/classic/job-region/sacramento/index.html]
[17314-presscdn-0-16-pagely.netdna-ssl.com/classic/wp-content/uploads/sites/2/2014/03/company-logo-sspace-150x150.jpg]
[jobify-demos.astoundify.com/classic/job-region/santa-rosa/index.html]
[jobify-demos.astoundify.com/classic/job-region/mountain-view/index.html]
[jobify-demos.astoundify.com/classic/post-a-job/index.html]
[17314-presscdn-0-16-pagely.netdna-ssl.com/classic/wp-content/uploads/sites/2/2014/03/company-logo-optimizely-150x150.jpg]
[jobify-demos.astoundify.com/classic/companies/index.html]
[jobify-demos.astoundify.com/classic/testimonials/index.html]
[jobify-demos.astoundify.com/classic/pricing/index.html]
[17314-presscdn-0-16-pagely.netdna-ssl.com/classic/wp-content/uploads/sites/2/2014/03/company-logo-okcupid-150x150.jpg]
[jobify-demos.astoundify.com/classic/manage-jobs/index.html]
[jobify-demos.astoundify.com/classic/privacy-policy/index.html]
[jobify-demos.astoundify.com/classic/frequently-asked-questions/index.html]
[17314-presscdn-0-16-pagely.netdna-ssl.com/classic/wp-content/uploads/sites/2/2014/03/company-logo-pinterest-150x150.jpg]
[jobify-demos.astoundify.com/classic/blog/index.html]
[jobify-demos.astoundify.com/classic/terms-and-conditions/index.html]
[jobify-demos.astoundify.com/classic/shop/index.html]
[17314-presscdn-0-16-pagely.netdna-ssl.com/classic/wp-content/uploads/sites/2/2014/03/company-logo-codepen-150x150.jpg]
[jobify-demos.astoundify.com/classic/cart/index.html]
[jobify-demos.astoundify.com/classic/signup/index.html]
[17314-presscdn-0-16-pagely.netdna-ssl.com/classic/wp-content/uploads/sites/2/2016/04/hero-image-text-left-darker.jpg]
[jobify-demos.astoundify.com/classic/job/art-director-2/index.html]
[jobify-demos.astoundify.com/classic/job/squarespace-com/index.html]
[jobify-demos.astoundify.com/classic/my-account/index.html]
[17314-presscdn-0-16-pagely.netdna-ssl.com/classic/wp-content/uploads/sites/2/2013/07/avatar-image-4-150x150.jpg]
[jobify-demos.astoundify.com/classic/job/marketing-director/index.html]
[jobify-demos.astoundify.com/classic/job/website-designer/index.html]
[jobify-demos.astoundify.com/classic/job/web-developer/index.html]
[17314-presscdn-0-16-pagely.netdna-ssl.com/classic/wp-content/uploads/sites/2/2013/07/avatar-image-7-150x150.jpg]
[17314-presscdn-0-16-pagely.netdna-ssl.com/classic/wp-content/uploads/sites/2/2013/07/avatar-image-6-150x150.jpg]
[jobify-demos.astoundify.com/classic/job/front-end-developer-digital-arts/index.html]
[17314-presscdn-0-16-pagely.netdna-ssl.com/classic/wp-content/uploads/sites/2/2013/07/avatar-image-5-150x150.jpg]
[17314-presscdn-0-16-pagely.netdna-ssl.com/classic/wp-content/uploads/sites/2/2013/07/avatar-image-2-150x150.jpg]
[17314-presscdn-0-16-pagely.netdna-ssl.com/classic/wp-content/uploads/sites/2/2013/07/avartar-image1-150x150.jpg]
[17314-presscdn-0-16-pagely.netdna-ssl.com/classic/wp-content/uploads/sites/2/2016/04/hero-testimonals-green.jpg]
[17314-presscdn-0-16-pagely.netdna-ssl.com/classic/wp-content/uploads/sites/2/2016/04/blog-image-327-400x200.jpg]
[17314-presscdn-0-16-pagely.netdna-ssl.com/classic/wp-content/uploads/sites/2/2016/04/blog-image-432-400x200.jpg]
[jobify-demos.astoundify.com/classic/2016/03/29/middle-class-jobs-are-being-replaced-by-burger-flipping-retail-sales-low-pay-jobs-4/index.html]
[17314-presscdn-0-16-pagely.netdna-ssl.com/classic/wp-content/plugins/woocommerce/assets/js/frontend/add-to-cart.min0226.js]
[jobify-demos.astoundify.com/classic/2016/02/22/middle-class-jobs-are-being-replaced-by-burger-flipping-retail-sales-low-pay-jobs-2/index.html]
[jobify-demos.astoundify.com/classic/2016/03/22/do-you-have-a-job-that-the-average-person-doesnt-even-know-exists/index.html]
[17314-presscdn-0-16-pagely.netdna-ssl.com/classic/wp-content/plugins/woocommerce/assets/js/jquery-blockui/jquery.blockUI.min44fd.js]
[17314-presscdn-0-16-pagely.netdna-ssl.com/classic/wp-content/plugins/woocommerce/assets/js/js-cookie/js.cookie.min6b25.js]
[17314-presscdn-0-16-pagely.netdna-ssl.com/classic/wp-content/plugins/woocommerce/assets/js/frontend/woocommerce.min0226.js]
[17314-presscdn-0-16-pagely.netdna-ssl.com/classic/wp-content/plugins/woocommerce/assets/js/frontend/cart-fragments.min0226.js]
[jobify-demos.astoundify.com/classic/account/index.html]
[jobify-demos.astoundify.com/classic/sample-page/index.html]
[17314-presscdn-0-16-pagely.netdna-ssl.com/classic/wp-includes/js/jquery/ui/core.mine899.js]
[17314-presscdn-0-16-pagely.netdna-ssl.com/classic/wp-includes/js/jquery/ui/widget.mine899.js]
[17314-presscdn-0-16-pagely.netdna-ssl.com/classic/wp-includes/js/jquery/ui/mouse.mine899.js]
[17314-presscdn-0-16-pagely.netdna-ssl.com/classic/wp-includes/js/jquery/ui/slider.mine899.js]
[17314-presscdn-0-16-pagely.netdna-ssl.com/classic/wp-includes/js/underscore.min4511.js]
[17314-presscdn-0-16-pagely.netdna-ssl.com/classic/wp-includes/js/backbone.min9632.js]
[17314-presscdn-0-16-pagely.netdna-ssl.com/classic/wp-includes/js/wp-util.min7bcd.js]
[17314-presscdn-0-16-pagely.netdna-ssl.com/classic/wp-includes/js/wp-backbone.min7bcd.js]
[17314-presscdn-0-16-pagely.netdna-ssl.com/classic/wp-content/plugins/wp-job-manager/assets/js/jquery-deserialize/jquery.deserialize1576.js]
[17314-presscdn-0-16-pagely.netdna-ssl.com/classic/wp-content/plugins/wp-job-manager/assets/js/jquery-chosen/chosen.jquery.minf488.js]
[17314-presscdn-0-16-pagely.netdna-ssl.com/classic/wp-content/plugins/wp-job-manager/assets/js/ajax-filters.minab45.js]
[17314-presscdn-0-16-pagely.netdna-ssl.com/classic/wp-content/themes/jobify/js/jobify.min09ef.js]
[17314-presscdn-0-16-pagely.netdna-ssl.com/classic/wp-content/themes/jobify/inc/integrations/wp-job-manager/js/map/app.minf100.js]
[17314-presscdn-0-16-pagely.netdna-ssl.com/classic/wp-content/themes/jobify/js/vendor/salvattore/salvattore.min7bcd.js]
[17314-presscdn-0-16-pagely.netdna-ssl.com/classic/wp-content/plugins/wp-job-manager-locations/assets/js/main442b.js]
[jobify-demos.astoundify.com/classic/index.html]
[jobify-demos.astoundify.com/classic/xmlrpc.php]
[17314-presscdn-0-16-pagely.netdna-ssl.com/classic/wp-content/plugins/woocommerce/assets/css/woocommerce-layout0226.css]
[17314-presscdn-0-16-pagely.netdna-ssl.com/classic/wp-content/plugins/woocommerce/assets/css/woocommerce-smallscreen0226.css]
[17314-presscdn-0-16-pagely.netdna-ssl.com/classic/wp-includes/js/wp-embed.min7bcd.js]
[17314-presscdn-0-16-pagely.netdna-ssl.com/classic/wp-content/themes/jobify/fonts/ionicons28b5.eot]
[17314-presscdn-0-16-pagely.netdna-ssl.com/classic/wp-content/themes/jobify/fonts/ionicons28b5.woff]
[17314-presscdn-0-16-pagely.netdna-ssl.com/classic/wp-content/themes/jobify/fonts/ionicons28b5.ttf]
[17314-presscdn-0-16-pagely.netdna-ssl.com/classic/wp-content/themes/jobify/styled172.css]
[17314-presscdn-0-16-pagely.netdna-ssl.com/classic/wp-content/themes/jobify-child/style7bcd.css]
[17314-presscdn-0-16-pagely.netdna-ssl.com/classic/wp-content/plugins/jetpack-sharing/sharedaddy/sharing5219.css]
[17314-presscdn-0-16-pagely.netdna-ssl.com/classic/wp-content/themes/jobify/fonts/ionicons28b5.svg]
[jobify-demos.astoundify.com/classic/wp-content/plugins/jetpack-sharing/genericons/genericons/Genericons.eot]
[17314-presscdn-0-16-pagely.netdna-ssl.com/classic/wp-content/plugins/jetpack-sharing/genericons/genericons/Genericons.ttf]
[17314-presscdn-0-16-pagely.netdna-ssl.com/classic/wp-content/plugins/jetpack-sharing/genericons/genericons/genericons128b.css]
[17314-presscdn-0-16-pagely.netdna-ssl.com/classic/wp-content/plugins/jetpack-sharing/genericons/genericons/Genericons.svg]
[jobify-demos.astoundify.com/classic/wp-json/oembed/1.0/embed2b95.json]
[jobify-demos.astoundify.com/classic/wp-json/oembed/1.0/embed2117]
[jobify-demos.astoundify.com/classic/find-a-job/index.html]
[17314-presscdn-0-16-pagely.netdna-ssl.com/classic/wp-content/uploads/sites/2/2014/03/company-logo-deploy-150x150.jpg]
[jobify-demos.astoundify.com/classic/job-region/ontario/feed/index.html]
[17314-presscdn-0-16-pagely.netdna-ssl.com/classic/wp-content/uploads/sites/2/2013/03/company-logo-starbucks-150x150.jpg]
[jobify-demos.astoundify.com/classic/job-region/ontario/index.html]
[jobify-demos.astoundify.com/classic/job/senior-ux-designer/index.html]
[17314-presscdn-0-16-pagely.netdna-ssl.com/classic/wp-content/uploads/sites/2/2016/04/company-logo-foursqaure-150x150.jpg]
[17314-presscdn-0-16-pagely.netdna-ssl.com/classic/wp-content/uploads/sites/2/2016/04/company-logo-friendster-150x150.jpg]
[jobify-demos.astoundify.com/classic/job-region/kansas/feed/index.html]
[jobify-demos.astoundify.com/classic/job/graphicweb-designer/index.html]
[jobify-demos.astoundify.com/classic/job/ui-web-designer/index.html]
[jobify-demos.astoundify.com/classic/job/graphic-designer-4/index.html]
[17314-presscdn-0-16-pagely.netdna-ssl.com/classic/wp-content/uploads/sites/2/2016/04/company-logo-desk-150x150.jpg]
[jobify-demos.astoundify.com/classic/job/web-designer-front-end-developer/index.html]
[17314-presscdn-0-16-pagely.netdna-ssl.com/classic/wp-content/uploads/sites/2/2013/03/company-logo-instagram-150x150.jpg]
[17314-presscdn-0-16-pagely.netdna-ssl.com/classic/wp-content/uploads/sites/2/2013/03/company-logo-paypal-150x150.jpg]
[jobify-demos.astoundify.com/classic/job-region/kansas/index.html]
[17314-presscdn-0-16-pagely.netdna-ssl.com/classic/wp-content/uploads/sites/2/2016/04/company-logo-disqus-150x150.jpg]
[jobify-demos.astoundify.com/classic/job-region/san-francisco/feed/index.html]
[jobify-demos.astoundify.com/classic/job/interactive-designer-2/index.html]
[jobify-demos.astoundify.com/classic/job/graphic-designer-3/index.html]
[jobify-demos.astoundify.com/classic/job/graphic-designer/index.html]
[17314-presscdn-0-16-pagely.netdna-ssl.com/classic/wp-content/uploads/sites/2/2016/04/company-logo-dolby-150x150.jpg]
[jobify-demos.astoundify.com/classic/job/design-technologist-shopping-innovation/index.html]
[17314-presscdn-0-16-pagely.netdna-ssl.com/classic/wp-content/uploads/sites/2/2013/03/company-logo-disney-150x150.jpg]
[jobify-demos.astoundify.com/classic/job-region/san-francisco/index.html]
[jobify-demos.astoundify.com/classic/job/product-designer/index.html]
[17314-presscdn-0-16-pagely.netdna-ssl.com/classic/wp-content/uploads/sites/2/2016/04/company-logo-docker-150x150.jpg]
[jobify-demos.astoundify.com/classic/job-region/palo-alto/feed/index.html]
[jobify-demos.astoundify.com/classic/job/senior-designer/index.html]
[17314-presscdn-0-16-pagely.netdna-ssl.com/classic/wp-content/uploads/sites/2/2016/04/company-logo-dribbble-150x150.jpg]
[jobify-demos.astoundify.com/classic/job-region/palo-alto/index.html]
[jobify-demos.astoundify.com/classic/job/front-end-engineer/index.html]
[17314-presscdn-0-16-pagely.netdna-ssl.com/classic/wp-content/uploads/sites/2/2014/03/company-logo-behance-150x150.jpg]
[jobify-demos.astoundify.com/classic/job-region/daly-city/index.html]
[jobify-demos.astoundify.com/classic/job-region/daly-city/feed/index.html]
[jobify-demos.astoundify.com/classic/job/api-engineer/index.html]
[17314-presscdn-0-16-pagely.netdna-ssl.com/classic/wp-content/uploads/sites/2/2016/04/company-logo-fitbit-150x150.jpg]
[jobify-demos.astoundify.com/classic/job-region/mountain-view/index.html]
[jobify-demos.astoundify.com/classic/job-region/mountain-view/feed/index.html]
[17314-presscdn-0-16-pagely.netdna-ssl.com/classic/wp-content/uploads/sites/2/2014/03/company-logo-adroll-150x150.jpg]
[jobify-demos.astoundify.com/classic/job-region/sacramento/index.html]
[jobify-demos.astoundify.com/classic/job/user-experience-designer-lead-systems-analyst/index.html]
[jobify-demos.astoundify.com/classic/job-region/sacramento/feed/index.html]
[17314-presscdn-0-16-pagely.netdna-ssl.com/classic/wp-content/uploads/sites/2/2014/03/company-logo-aol-150x150.jpg]
[jobify-demos.astoundify.com/classic/job-region/santa-rosa/index.html]
[jobify-demos.astoundify.com/classic/job-region/santa-rosa/feed/index.html]
[jobify-demos.astoundify.com/classic/job/web-designer-developer/index.html]
[17314-presscdn-0-16-pagely.netdna-ssl.com/classic/wp-content/plugins/wp-job-manager/assets/css/job-submissionab45.css]
[jobify-demos.astoundify.com/classic/job/ux-designer/index.html]
[jobify-demos.astoundify.com/classic/wp-json/oembed/1.0/embeda91e.json]
[jobify-demos.astoundify.com/classic/wp-json/oembed/1.0/embedf6cf]
[17314-presscdn-0-16-pagely.netdna-ssl.com/classic/wp-includes/css/dashicons.min7bcd.css]
[jobify-demos.astoundify.com/classic/account/index27ca.html]
[17314-presscdn-0-16-pagely.netdna-ssl.com/classic/wp-includes/css/editor.min7bcd.css]
[17314-presscdn-0-16-pagely.netdna-ssl.com/classic/wp-content/plugins/wp-job-manager/assets/js/job-submission.minab45.js]
[17314-presscdn-0-16-pagely.netdna-ssl.com/classic/wp-content/plugins/wp-job-manager/assets/js/term-multiselect.minab45.js]
[jobify-demos.astoundify.com/classic/wp-admin/admin-ajax.html]
[jobify-demos.astoundify.com/classic/post-a-job/index.html]
[jobify-demos.astoundify.com/classic/wp-json/oembed/1.0/embed6414.json]
[jobify-demos.astoundify.com/classic/wp-json/oembed/1.0/embedfb93]
[jobify-demos.astoundify.com/classic/pricing/index.html]
[jobify-demos.astoundify.com/classic/wp-json/oembed/1.0/embede3d3.json]
[jobify-demos.astoundify.com/classic/wp-json/oembed/1.0/embedbfeb]
[17314-presscdn-0-16-pagely.netdna-ssl.com/classic/wp-includes/js/imagesloaded.min55a0.js]
[jobify-demos.astoundify.com/classic/company/AdRoll/index.html]
[jobify-demos.astoundify.com/classic/company/Aol/index.html]
[jobify-demos.astoundify.com/classic/company/Behance/index.html]
[jobify-demos.astoundify.com/classic/company/Deploy/index.html]
[jobify-demos.astoundify.com/classic/company/CodePen/index.html]
[17314-presscdn-0-16-pagely.netdna-ssl.com/classic/wp-includes/js/masonry.mind617.js]
[jobify-demos.astoundify.com/classic/company/Desk/index.html]
[jobify-demos.astoundify.com/classic/company/Disney/index.html]
[jobify-demos.astoundify.com/classic/company/Disqus/index.html]
[jobify-demos.astoundify.com/classic/company/Dolby Laboratories/index.html]
[jobify-demos.astoundify.com/classic/company/Dribbble/index.html]
[17314-presscdn-0-16-pagely.netdna-ssl.com/classic/wp-includes/js/jquery/jquery.masonry.minef70.js]
[jobify-demos.astoundify.com/classic/companies/index.html]
[jobify-demos.astoundify.com/classic/company/docker/index.html]
[jobify-demos.astoundify.com/classic/company/Fitbit/index.html]
[jobify-demos.astoundify.com/classic/testimonials/index.html]
[jobify-demos.astoundify.com/classic/company/FOURSQUARE/index.html]
[jobify-demos.astoundify.com/classic/company/Friendster/index.html]
[jobify-demos.astoundify.com/classic/company/Instagram/index.html]
[jobify-demos.astoundify.com/classic/company/OkCupid/index.html]
[jobify-demos.astoundify.com/classic/company/Optimizely/index.html]
[jobify-demos.astoundify.com/classic/company/Pinterest/index.html]
[jobify-demos.astoundify.com/classic/company/PayPal/index.html]
[jobify-demos.astoundify.com/classic/company/Shopify/index.html]
[jobify-demos.astoundify.com/classic/wp-json/oembed/1.0/embedbd1b.json]
[jobify-demos.astoundify.com/classic/company/Squarespace/index.html]
[jobify-demos.astoundify.com/classic/company/Starbucks/index.html]
[jobify-demos.astoundify.com/classic/testimonials/feed/index.html]
[jobify-demos.astoundify.com/classic/wp-json/oembed/1.0/embed4aa3]
[jobify-demos.astoundify.com/classic/frequently-asked-questions/index.html]
[jobify-demos.astoundify.com/classic/wp-json/oembed/1.0/embed29ae.json]
[jobify-demos.astoundify.com/classic/wp-json/oembed/1.0/embedee12]
[jobify-demos.astoundify.com/classic/wp-login0b17.html]
[jobify-demos.astoundify.com/classic/manage-jobs/index.html]
[jobify-demos.astoundify.com/classic/wp-json/oembed/1.0/embed5ce7.json]
[jobify-demos.astoundify.com/classic/wp-json/oembed/1.0/embed6bdc]
[jobify-demos.astoundify.com/classic/privacy-policy/index.html]
[jobify-demos.astoundify.com/classic/wp-json/oembed/1.0/embedaa46.json]
[jobify-demos.astoundify.com/classic/wp-json/oembed/1.0/embed312e]
[jobify-demos.astoundify.com/classic/terms-and-conditions/index.html]
[jobify-demos.astoundify.com/classic/wp-login.html]
[jobify-demos.astoundify.com/classic/blog/index.html]
[jobify-demos.astoundify.com/classic/author/adam/index.html]
[jobify-demos.astoundify.com/classic/2016/01/02/canada-adds-12500-jobs-in-modest-july-rebound/index.html]
[17314-presscdn-0-16-pagely.netdna-ssl.com/classic/wp-content/uploads/sites/2/2016/04/Jobify-Coffee-300x300.jpg]
[jobify-demos.astoundify.com/classic/2016/01/06/canada-adds-12500-jobs-in-modest-july-rebound-which-is-a-good-sign/index.html]
[jobify-demos.astoundify.com/classic/2016/01/01/fitness-industry-leading-the-charge-on-hiring-in-the-uk-and-ireland/index.html]
[17314-presscdn-0-16-pagely.netdna-ssl.com/classic/wp-content/uploads/sites/2/2016/04/Jobify-Bottle-300x300.jpg]
[jobify-demos.astoundify.com/classic/2016/03/index.html]
[jobify-demos.astoundify.com/classic/2016/02/index.html]
[17314-presscdn-0-16-pagely.netdna-ssl.com/classic/wp-content/uploads/sites/2/2016/04/Jobify-Mug-300x300.6c.delayed]
[jobify-demos.astoundify.com/classic/2013/07/22/middle-class-jobs-are-being-replaced-by-burger-flipping-retail-sales-low-pay-jobs/index.html]
[17314-presscdn-0-16-pagely.netdna-ssl.com/classic/wp-content/uploads/sites/2/2016/04/Jobify-Note-Book-300x300.jpg]
[jobify-demos.astoundify.com/classic/2016/01/index.html]
[jobify-demos.astoundify.com/classic/2013/07/index.html]
[17314-presscdn-0-16-pagely.netdna-ssl.com/classic/wp-content/uploads/sites/2/2016/04/jobify-t-shirt-300x300.jpg]
[jobify-demos.astoundify.com/classic/category/developement/index.html]
[17314-presscdn-0-16-pagely.netdna-ssl.com/classic/wp-content/uploads/sites/2/2016/04/jobify-tote-bag-300x300.jpg]
[jobify-demos.astoundify.com/classic/category/uncategorized/index.html]
[jobify-demos.astoundify.com/classic/category/news/index.html]
[17314-presscdn-0-16-pagely.netdna-ssl.com/classic/wp-content/uploads/sites/2/2016/04/Jobify-Bottle-180x180.jpg]
[jobify-demos.astoundify.com/classic/shop/feed/index.html]
[17314-presscdn-0-16-pagely.netdna-ssl.com/classic/wp-content/uploads/sites/2/2016/04/Jobify-Coffee-180x180.jpg]
[jobify-demos.astoundify.com/classic/product/jobify-coffee/index.html]
[17314-presscdn-0-16-pagely.netdna-ssl.com/classic/wp-content/uploads/sites/2/2016/04/Jobify-Mug-180x180.jpg]
[jobify-demos.astoundify.com/classic/product/jobify-gin/index.html]
[17314-presscdn-0-16-pagely.netdna-ssl.com/classic/wp-content/uploads/sites/2/2016/04/Jobify-Note-Book-180x180.jpg]
[jobify-demos.astoundify.com/classic/shop/index4c5d.html]
[17314-presscdn-0-16-pagely.netdna-ssl.com/classic/wp-content/uploads/sites/2/2016/04/jobify-t-shirt-180x180.jpg]
[jobify-demos.astoundify.com/classic/product/jobify-mug/index.html]
[jobify-demos.astoundify.com/classic/shop/indexf9a5.html]
[jobify-demos.astoundify.com/classic/shop/indexef2b.html]
[17314-presscdn-0-16-pagely.netdna-ssl.com/classic/wp-content/plugins/woocommerce/assets/js/jquery-ui-touch-punch/jquery-ui-touch-punch.min0226.js]
[jobify-demos.astoundify.com/classic/shop/index21ca.html]
[jobify-demos.astoundify.com/classic/product/jobify-note-book/index.html]
[jobify-demos.astoundify.com/classic/product/jobify-tee-white/index.html]
[17314-presscdn-0-16-pagely.netdna-ssl.com/classic/wp-content/plugins/woocommerce/assets/js/accounting/accounting.minaffb.js]
[jobify-demos.astoundify.com/classic/shop/index4940.html]
[jobify-demos.astoundify.com/classic/product/jobify-tote-bag/index.html]
[jobify-demos.astoundify.com/classic/shop/index.html]
[17314-presscdn-0-16-pagely.netdna-ssl.com/classic/wp-content/plugins/woocommerce/assets/js/frontend/price-slider.min0226.js]
[jobify-demos.astoundify.com/classic/wp-json/oembed/1.0/embed3a98.json]
[jobify-demos.astoundify.com/classic/cart/feed/index.html]
[jobify-demos.astoundify.com/classic/wp-json/oembed/1.0/embedb286]
[17314-presscdn-0-16-pagely.netdna-ssl.com/classic/wp-content/plugins/woocommerce/assets/js/frontend/country-select.min0226.js]
[17314-presscdn-0-16-pagely.netdna-ssl.com/classic/wp-content/plugins/woocommerce/assets/js/frontend/address-i18n.min0226.js]
[jobify-demos.astoundify.com/classic/cart/index.html]
[jobify-demos.astoundify.com/classic/checkout/index.html]
[17314-presscdn-0-16-pagely.netdna-ssl.com/classic/wp-content/plugins/woocommerce/assets/js/frontend/cart.min0226.js]
[jobify-demos.astoundify.com/classic/wp-json/oembed/1.0/embed7b38.json]
[jobify-demos.astoundify.com/classic/wp-json/oembed/1.0/embed49cb]
[17314-presscdn-0-16-pagely.netdna-ssl.com/classic/wp-includes/js/zxcvbn-async.min5152.js]
[jobify-demos.astoundify.com/classic/wp-admin/js/password-strength-meter.min7bcd.js]
[jobify-demos.astoundify.com/classic/signup/index.html]
[17314-presscdn-0-16-pagely.netdna-ssl.com/classic/wp-content/plugins/woocommerce/assets/css/select20226.css]
[jobify-demos.astoundify.com/classic/wp-json/oembed/1.0/embede003.json]
[jobify-demos.astoundify.com/classic/wp-json/oembed/1.0/embedb7ae]
[jobify-demos.astoundify.com/classic/my-account/index.html]
[17314-presscdn-0-16-pagely.netdna-ssl.com/classic/wp-content/plugins/woocommerce/assets/js/select2/select2.full.minfa0c.js]
[jobify-demos.astoundify.com/classic/wp-json/oembed/1.0/embed9642.json]
[jobify-demos.astoundify.com/classic/account/lost-password/index.html]
[jobify-demos.astoundify.com/classic/wp-json/oembed/1.0/embede244]
[17314-presscdn-0-16-pagely.netdna-ssl.com/classic/wp-content/plugins/ninja-forms/deprecated/images/question-ico.gif]
[17314-presscdn-0-16-pagely.netdna-ssl.com/classic/wp-content/uploads/sites/2/2014/03/company-logo-shopify.jpg]
[17314-presscdn-0-16-pagely.netdna-ssl.com/classic/wp-content/plugins/ninja-forms/deprecated/css/ninja-forms-displayb58d.css]
[jobify-demos.astoundify.com/classic/job-category/design/index.html]
[17314-presscdn-0-16-pagely.netdna-ssl.com/classic/wp-content/plugins/ninja-forms/deprecated/css/qtip7bcd.css]
[17314-presscdn-0-16-pagely.netdna-ssl.com/classic/wp-content/plugins/ninja-forms/deprecated/css/jquery.rating7bcd.css]
[17314-presscdn-0-16-pagely.netdna-ssl.com/classic/wp-content/plugins/wp-job-manager/assets/js/job-application.minab45.js]
[17314-presscdn-0-16-pagely.netdna-ssl.com/classic/wp-includes/js/jquery/ui/position.mine899.js]
[17314-presscdn-0-16-pagely.netdna-ssl.com/classic/wp-content/plugins/ninja-forms/deprecated/js/min/jquery.qtip.min7bcd.js]
[17314-presscdn-0-16-pagely.netdna-ssl.com/classic/wp-includes/js/jquery/jquery.form.min018d.js]
[jobify-demos.astoundify.com/classic/job/art-director-2/index.html]
[17314-presscdn-0-16-pagely.netdna-ssl.com/classic/wp-content/plugins/ninja-forms/deprecated/js/min/ninja-forms-display.minb58d.js]
[jobify-demos.astoundify.com/classic/wp-json/oembed/1.0/embedfba6.json]
[jobify-demos.astoundify.com/classic/wp-json/oembed/1.0/embed4fd7]
[17314-presscdn-0-16-pagely.netdna-ssl.com/classic/wp-content/uploads/sites/2/2014/03/company-logo-sspace.jpg]
[jobify-demos.astoundify.com/classic/job/squarespace-com/index.html]
[jobify-demos.astoundify.com/classic/wp-json/oembed/1.0/embed015a.json]
[jobify-demos.astoundify.com/classic/wp-json/oembed/1.0/embedc636]
[17314-presscdn-0-16-pagely.netdna-ssl.com/classic/wp-content/uploads/sites/2/2014/03/company-logo-optimizely.jpg]
[jobify-demos.astoundify.com/classic/job/web-developer/index.html]
[jobify-demos.astoundify.com/classic/job-category/developement/index.html]
[jobify-demos.astoundify.com/classic/wp-json/oembed/1.0/embedc80c.json]
[jobify-demos.astoundify.com/classic/wp-json/oembed/1.0/embedb890]
[jobify-demos.astoundify.com/classic/job/marketing-director/index.html]
[jobify-demos.astoundify.com/classic/job-category/marketing/index.html]
[jobify-demos.astoundify.com/classic/wp-json/oembed/1.0/embeda491.json]
[jobify-demos.astoundify.com/classic/wp-json/oembed/1.0/embed18dd]
[17314-presscdn-0-16-pagely.netdna-ssl.com/classic/wp-content/uploads/sites/2/2014/03/company-logo-pinterest.jpg]
[jobify-demos.astoundify.com/classic/job/website-designer/index.html]
[jobify-demos.astoundify.com/classic/wp-json/oembed/1.0/embed392f.json]
[jobify-demos.astoundify.com/classic/wp-json/oembed/1.0/embed89ed]
[17314-presscdn-0-16-pagely.netdna-ssl.com/classic/wp-content/uploads/sites/2/2014/03/company-logo-codepen.jpg]
[jobify-demos.astoundify.com/classic/job/front-end-developer-digital-arts/index.html]
[jobify-demos.astoundify.com/classic/wp-json/oembed/1.0/embededf2.json]
[jobify-demos.astoundify.com/classic/2016/03/29/middle-class-jobs-are-being-replaced-by-burger-flipping-retail-sales-low-pay-jobs-4/feed/index.html]
[jobify-demos.astoundify.com/classic/wp-json/oembed/1.0/embed217e]
[17314-presscdn-0-16-pagely.netdna-ssl.com/classic/wp-content/uploads/sites/2/2016/04/blog-image-327.jpg]
[17314-presscdn-0-16-pagely.netdna-ssl.com/classic/wp-content/plugins/jetpack-sharing/sharedaddy/images/loading.gif]
[17314-presscdn-0-16-pagely.netdna-ssl.com/classic/wp-includes/js/comment-reply.min7bcd.js]
[17314-presscdn-0-16-pagely.netdna-ssl.com/classic/wp-content/plugins/akismet/_inc/form7984.js]
[jobify-demos.astoundify.com/classic/2016/03/29/middle-class-jobs-are-being-replaced-by-burger-flipping-retail-sales-low-pay-jobs-4/index.html]
[17314-presscdn-0-16-pagely.netdna-ssl.com/classic/wp-content/plugins/jetpack-sharing/sharedaddy/sharing5219.js]
[jobify-demos.astoundify.com/classic/wp-json/oembed/1.0/embedbc73.json]
[jobify-demos.astoundify.com/classic/2016/03/22/do-you-have-a-job-that-the-average-person-doesnt-even-know-exists/feed/index.html]
[jobify-demos.astoundify.com/classic/wp-json/oembed/1.0/embed2d94]
[17314-presscdn-0-16-pagely.netdna-ssl.com/classic/wp-content/uploads/sites/2/2016/04/blog-image-432.jpg]
[jobify-demos.astoundify.com/classic/2016/03/22/do-you-have-a-job-that-the-average-person-doesnt-even-know-exists/index.html]
[jobify-demos.astoundify.com/classic/wp-json/oembed/1.0/embed4505.json]
[jobify-demos.astoundify.com/classic/2016/02/22/middle-class-jobs-are-being-replaced-by-burger-flipping-retail-sales-low-pay-jobs-2/feed/index.html]
[jobify-demos.astoundify.com/classic/wp-json/oembed/1.0/embed2f72]
[17314-presscdn-0-16-pagely.netdna-ssl.com/classic/wp-content/uploads/sites/2/2016/04/blog-image-345.jpg]
[jobify-demos.astoundify.com/classic/2016/02/22/middle-class-jobs-are-being-replaced-by-burger-flipping-retail-sales-low-pay-jobs-2/index.html]
[17314-presscdn-0-16-pagely.netdna-ssl.com/classic/wp-content/uploads/sites/2/2016/04/blog-image-345-400x200.jpg]
[jobify-demos.astoundify.com/classic/wp-json/oembed/1.0/embed48b7.json]
[jobify-demos.astoundify.com/classic/wp-json/oembed/1.0/embed9e4e]
[jobify-demos.astoundify.com/classic/account/index.html]
[jobify-demos.astoundify.com/classic/wp-json/oembed/1.0/embed8a6f.json]
[jobify-demos.astoundify.com/classic/sample-page/feed/index.html]
[jobify-demos.astoundify.com/classic/wp-json/oembed/1.0/embed5be8]
[jobify-demos.astoundify.com/classic/sample-page/index.html]
[17314-presscdn-0-16-pagely.netdna-ssl.com/classic/wp-content/themes/jobify/fonts/ionicons28b5.svg]
[17314-presscdn-0-16-pagely.netdna-ssl.com/classic/wp-content/plugins/jetpack-sharing/genericons/genericons/Genericons.svg]
[jobify-demos.astoundify.com/classic/indexef85.html]
[jobify-demos.astoundify.com/classic/wp-json/oembed/1.0/embed7e64.json]
[jobify-demos.astoundify.com/classic/wp-json/oembed/1.0/embed330b]
[17314-presscdn-0-16-pagely.netdna-ssl.com/classic/wp-content/uploads/sites/2/2014/03/company-logo-deploy.jpg]
[jobify-demos.astoundify.com/classic/job/senior-ux-designer/index.html]
[jobify-demos.astoundify.com/classic/wp-json/oembed/1.0/embed1655.json]
[jobify-demos.astoundify.com/classic/wp-json/oembed/1.0/embedd096]
[17314-presscdn-0-16-pagely.netdna-ssl.com/classic/wp-content/uploads/sites/2/2013/03/company-logo-starbucks.jpg]
[jobify-demos.astoundify.com/classic/job/ui-web-designer/index.html]
[jobify-demos.astoundify.com/classic/wp-json/oembed/1.0/embeddc71.json]
[jobify-demos.astoundify.com/classic/wp-json/oembed/1.0/embed6762]
[17314-presscdn-0-16-pagely.netdna-ssl.com/classic/wp-content/uploads/sites/2/2016/04/company-logo-foursqaure.jpg]
[jobify-demos.astoundify.com/classic/job/graphicweb-designer/index.html]
[jobify-demos.astoundify.com/classic/wp-json/oembed/1.0/embedf16f.json]
[jobify-demos.astoundify.com/classic/wp-json/oembed/1.0/embed75df]
[17314-presscdn-0-16-pagely.netdna-ssl.com/classic/wp-content/uploads/sites/2/2016/04/company-logo-friendster.jpg]
[jobify-demos.astoundify.com/classic/job/graphic-designer-4/index.html]
[jobify-demos.astoundify.com/classic/wp-json/oembed/1.0/embedac79.json]
[jobify-demos.astoundify.com/classic/wp-json/oembed/1.0/embedb8a8]
[17314-presscdn-0-16-pagely.netdna-ssl.com/classic/wp-content/uploads/sites/2/2016/04/company-logo-desk.jpg]
[jobify-demos.astoundify.com/classic/job/web-designer-front-end-developer/index.html]
[jobify-demos.astoundify.com/classic/wp-json/oembed/1.0/embed9ed4.json]
[jobify-demos.astoundify.com/classic/wp-json/oembed/1.0/embed08ee]
[17314-presscdn-0-16-pagely.netdna-ssl.com/classic/wp-content/uploads/sites/2/2013/03/company-logo-instagram.jpg]
[jobify-demos.astoundify.com/classic/job/interactive-designer-2/index.html]
[jobify-demos.astoundify.com/classic/wp-json/oembed/1.0/embeddcd7.json]
[jobify-demos.astoundify.com/classic/wp-json/oembed/1.0/embedbd2e]
[17314-presscdn-0-16-pagely.netdna-ssl.com/classic/wp-content/uploads/sites/2/2013/03/company-logo-paypal.jpg]
[jobify-demos.astoundify.com/classic/job/graphic-designer-3/index.html]
[jobify-demos.astoundify.com/classic/wp-json/oembed/1.0/embedbbcc.json]
[jobify-demos.astoundify.com/classic/wp-json/oembed/1.0/embeded5f]
[17314-presscdn-0-16-pagely.netdna-ssl.com/classic/wp-content/uploads/sites/2/2016/04/company-logo-disqus.jpg]
[jobify-demos.astoundify.com/classic/job/graphic-designer/index.html]
[jobify-demos.astoundify.com/classic/wp-json/oembed/1.0/embedfa73.json]
[jobify-demos.astoundify.com/classic/wp-json/oembed/1.0/embed1fe1]
[17314-presscdn-0-16-pagely.netdna-ssl.com/classic/wp-content/uploads/sites/2/2016/04/company-logo-dolby.jpg]
[jobify-demos.astoundify.com/classic/job/design-technologist-shopping-innovation/index.html]
[jobify-demos.astoundify.com/classic/wp-json/oembed/1.0/embedf834.json]
[jobify-demos.astoundify.com/classic/wp-json/oembed/1.0/embedd5a6]
[17314-presscdn-0-16-pagely.netdna-ssl.com/classic/wp-content/uploads/sites/2/2013/03/company-logo-disney.jpg]
[jobify-demos.astoundify.com/classic/job/product-designer/index.html]
[jobify-demos.astoundify.com/classic/wp-json/oembed/1.0/embedad4d.json]
[jobify-demos.astoundify.com/classic/wp-json/oembed/1.0/embed0f00]
[17314-presscdn-0-16-pagely.netdna-ssl.com/classic/wp-content/uploads/sites/2/2016/04/company-logo-docker.jpg]
[jobify-demos.astoundify.com/classic/job/senior-designer/index.html]
[jobify-demos.astoundify.com/classic/wp-json/oembed/1.0/embed01bb.json]
[jobify-demos.astoundify.com/classic/wp-json/oembed/1.0/embed1251]
[17314-presscdn-0-16-pagely.netdna-ssl.com/classic/wp-content/uploads/sites/2/2016/04/company-logo-dribbble.jpg]
[jobify-demos.astoundify.com/classic/job/front-end-engineer/index.html]
[jobify-demos.astoundify.com/classic/wp-json/oembed/1.0/embed4931.json]
[jobify-demos.astoundify.com/classic/wp-json/oembed/1.0/embedbd66]
[17314-presscdn-0-16-pagely.netdna-ssl.com/classic/wp-content/uploads/sites/2/2014/03/company-logo-behance.jpg]
[jobify-demos.astoundify.com/classic/job/api-engineer/index.html]
[jobify-demos.astoundify.com/classic/wp-json/oembed/1.0/embede1ac.json]
[jobify-demos.astoundify.com/classic/wp-json/oembed/1.0/embedb53d]
[17314-presscdn-0-16-pagely.netdna-ssl.com/classic/wp-content/uploads/sites/2/2016/04/company-logo-fitbit.jpg]
[jobify-demos.astoundify.com/classic/job/user-experience-designer-lead-systems-analyst/index.html]
[jobify-demos.astoundify.com/classic/wp-json/oembed/1.0/embedebde.json]
[jobify-demos.astoundify.com/classic/wp-json/oembed/1.0/embed9fe4]
[17314-presscdn-0-16-pagely.netdna-ssl.com/classic/wp-content/uploads/sites/2/2014/03/company-logo-adroll.jpg]
[jobify-demos.astoundify.com/classic/job/web-designer-developer/index.html]
[jobify-demos.astoundify.com/classic/wp-json/oembed/1.0/embedb72e.json]
[jobify-demos.astoundify.com/classic/wp-json/oembed/1.0/embed0b00]
[17314-presscdn-0-16-pagely.netdna-ssl.com/classic/wp-content/uploads/sites/2/2014/03/company-logo-aol.jpg]
[jobify-demos.astoundify.com/classic/job/ux-designer/index.html]
[17314-presscdn-0-16-pagely.netdna-ssl.com/classic/wp-content/plugins/wp-job-manager/assets/css/job-submissionab45.css]
[jobify-demos.astoundify.com/classic/index0b69.html]
[jobify-demos.astoundify.com/classic/account/index27ca.html]
[17314-presscdn-0-16-pagely.netdna-ssl.com/classic/wp-includes/css/dashicons.min7bcd.css]
[17314-presscdn-0-16-pagely.netdna-ssl.com/classic/wp-includes/css/editor.min7bcd.css]
[jobify-demos.astoundify.com/classic/wp-admin/admin-ajax.html]
[jobify-demos.astoundify.com/classic/index8287.html]
[jobify-demos.astoundify.com/classic/indexb415.html]
[jobify-demos.astoundify.com/classic/company/AdRoll/index.html]
[jobify-demos.astoundify.com/classic/company/Aol/index.html]
[jobify-demos.astoundify.com/classic/company/Behance/index.html]
[jobify-demos.astoundify.com/classic/company/CodePen/index.html]
[jobify-demos.astoundify.com/classic/company/Deploy/index.html]
[jobify-demos.astoundify.com/classic/company/Desk/index.html]
[jobify-demos.astoundify.com/classic/company/Disney/index.html]
[jobify-demos.astoundify.com/classic/company/Disqus/index.html]
[jobify-demos.astoundify.com/classic/company/docker/index.html]
[jobify-demos.astoundify.com/classic/company/Dolby Laboratories/index.html]
[jobify-demos.astoundify.com/classic/company/Dribbble/index.html]
[jobify-demos.astoundify.com/classic/company/Fitbit/index.html]
[jobify-demos.astoundify.com/classic/company/FOURSQUARE/index.html]
[jobify-demos.astoundify.com/classic/company/Friendster/index.html]
[jobify-demos.astoundify.com/classic/company/Instagram/index.html]
[jobify-demos.astoundify.com/classic/company/OkCupid/index.html]
[jobify-demos.astoundify.com/classic/company/Optimizely/index.html]
[jobify-demos.astoundify.com/classic/company/PayPal/index.html]
[jobify-demos.astoundify.com/classic/company/Pinterest/index.html]
[jobify-demos.astoundify.com/classic/company/Shopify/index.html]
[jobify-demos.astoundify.com/classic/company/Squarespace/index.html]
[jobify-demos.astoundify.com/classic/company/Starbucks/index.html]
[jobify-demos.astoundify.com/classic/index0c06.html]
[jobify-demos.astoundify.com/classic/indexc3c8.html]
[jobify-demos.astoundify.com/classic/wp-admin/load-stylescd6e.css]
[jobify-demos.astoundify.com/classic/wp-content/uploads/sites/2/2016/04/cropped-site-icon-classic-32x32.png]
[jobify-demos.astoundify.com/classic/wp-content/uploads/sites/2/2016/04/cropped-site-icon-classic-192x192.png]
[jobify-demos.astoundify.com/classic/wp-content/uploads/sites/2/2016/04/cropped-site-icon-classic-180x180.png]
[jobify-demos.astoundify.com/classic/wp-login0b17.html]
[jobify-demos.astoundify.com/classic/indexd108.html]
[jobify-demos.astoundify.com/classic/indexfa5e.html]
[jobify-demos.astoundify.com/classic/author/adam/index.html]
[jobify-demos.astoundify.com/classic/wp-json/oembed/1.0/embedef7a.json]
[jobify-demos.astoundify.com/classic/author/adam/feed/index.html]
[jobify-demos.astoundify.com/classic/2016/01/06/canada-adds-12500-jobs-in-modest-july-rebound-which-is-a-good-sign/feed/index.html]
[jobify-demos.astoundify.com/classic/wp-json/oembed/1.0/embed7163]
[17314-presscdn-0-16-pagely.netdna-ssl.com/classic/wp-content/uploads/sites/2/2016/04/blog-image-323.jpg]
[jobify-demos.astoundify.com/classic/2016/01/06/canada-adds-12500-jobs-in-modest-july-rebound-which-is-a-good-sign/index.html]
[jobify-demos.astoundify.com/classic/wp-json/oembed/1.0/embedfa08.json]
[jobify-demos.astoundify.com/classic/2016/01/02/canada-adds-12500-jobs-in-modest-july-rebound/feed/index.html]
[jobify-demos.astoundify.com/classic/wp-json/oembed/1.0/embed145f]
[jobify-demos.astoundify.com/classic/2016/01/02/canada-adds-12500-jobs-in-modest-july-rebound/index.html]
[jobify-demos.astoundify.com/classic/wp-json/oembed/1.0/embed986b.json]
[jobify-demos.astoundify.com/classic/2016/01/01/fitness-industry-leading-the-charge-on-hiring-in-the-uk-and-ireland/feed/index.html]
[jobify-demos.astoundify.com/classic/wp-json/oembed/1.0/embedaca6]
[17314-presscdn-0-16-pagely.netdna-ssl.com/classic/wp-content/uploads/sites/2/2016/04/blog-image-234.jpg]
[jobify-demos.astoundify.com/classic/2016/01/01/fitness-industry-leading-the-charge-on-hiring-in-the-uk-and-ireland/index.html]
[jobify-demos.astoundify.com/classic/wp-json/oembed/1.0/embedcbf4.json]
[jobify-demos.astoundify.com/classic/2013/07/22/middle-class-jobs-are-being-replaced-by-burger-flipping-retail-sales-low-pay-jobs/feed/index.html]
[jobify-demos.astoundify.com/classic/wp-json/oembed/1.0/embed7db8]
[jobify-demos.astoundify.com/classic/2013/07/22/middle-class-jobs-are-being-replaced-by-burger-flipping-retail-sales-low-pay-jobs/index.html]
[jobify-demos.astoundify.com/classic/2016/03/index.html]
[jobify-demos.astoundify.com/classic/2016/02/index.html]
[jobify-demos.astoundify.com/classic/2016/01/index.html]
[jobify-demos.astoundify.com/classic/2013/07/index.html]
[jobify-demos.astoundify.com/classic/category/developement/index.html]
[jobify-demos.astoundify.com/classic/category/news/index.html]
[jobify-demos.astoundify.com/classic/category/uncategorized/index.html]
[jobify-demos.astoundify.com/classic/wp-login.html]
[jobify-demos.astoundify.com/classic/category/developement/feed/index.html]
[jobify-demos.astoundify.com/classic/category/news/feed/index.html]
[jobify-demos.astoundify.com/classic/category/uncategorized/feed/index.html]
[17314-presscdn-0-16-pagely.netdna-ssl.com/classic/wp-content/plugins/woocommerce/assets/css/photoswipe/photoswipe0226.css]
[17314-presscdn-0-16-pagely.netdna-ssl.com/classic/wp-content/plugins/woocommerce/assets/css/photoswipe/default-skin/default-skin0226.css]
[jobify-demos.astoundify.com/classic/product/jobify-coffee/feed/index.html]
[jobify-demos.astoundify.com/classic/wp-json/oembed/1.0/embed4fda.json]
[jobify-demos.astoundify.com/classic/wp-json/oembed/1.0/embed1ed5]
[17314-presscdn-0-16-pagely.netdna-ssl.com/classic/wp-content/uploads/sites/2/2016/04/Jobify-Coffee.jpg]
[17314-presscdn-0-16-pagely.netdna-ssl.com/classic/wp-content/uploads/sites/2/2016/04/Jobify-Coffee-600x600.jpg]
[17314-presscdn-0-16-pagely.netdna-ssl.com/classic/wp-content/plugins/woocommerce/assets/js/photoswipe/photoswipe.min0235.js]
[17314-presscdn-0-16-pagely.netdna-ssl.com/classic/wp-content/plugins/woocommerce/assets/js/photoswipe/photoswipe-ui-default.min0235.js]
[jobify-demos.astoundify.com/classic/product/jobify-coffee/index.html]
[jobify-demos.astoundify.com/classic/shop/index4c5d.html]
[17314-presscdn-0-16-pagely.netdna-ssl.com/classic/wp-content/plugins/woocommerce/assets/js/frontend/single-product.min0226.js]
[jobify-demos.astoundify.com/classic/product-category/coffee/index.html]
[jobify-demos.astoundify.com/classic/product-tag/coffee/index.html]
[jobify-demos.astoundify.com/classic/product/jobify-gin/feed/index.html]
[jobify-demos.astoundify.com/classic/wp-json/oembed/1.0/embedbbdd.json]
[jobify-demos.astoundify.com/classic/wp-json/oembed/1.0/embedc4d4]
[17314-presscdn-0-16-pagely.netdna-ssl.com/classic/wp-content/uploads/sites/2/2016/04/Jobify-Bottle-600x600.jpg]
[jobify-demos.astoundify.com/classic/product/jobify-gin/index.html]
[jobify-demos.astoundify.com/classic/shop/indexf9a5.html]
[jobify-demos.astoundify.com/classic/product-tag/gin/index.html]
[jobify-demos.astoundify.com/classic/product-category/spirits/index.html]
[jobify-demos.astoundify.com/classic/wp-json/oembed/1.0/embed3be4.json]
[jobify-demos.astoundify.com/classic/product/jobify-mug/feed/index.html]
[jobify-demos.astoundify.com/classic/wp-json/oembed/1.0/embed73fe]
[17314-presscdn-0-16-pagely.netdna-ssl.com/classic/wp-content/uploads/sites/2/2016/04/Jobify-Mug.jpg]
[17314-presscdn-0-16-pagely.netdna-ssl.com/classic/wp-content/uploads/sites/2/2016/04/Jobify-Mug-600x600.jpg]
[jobify-demos.astoundify.com/classic/product/jobify-mug/index.html]
[jobify-demos.astoundify.com/classic/shop/indexef2b.html]
[jobify-demos.astoundify.com/classic/product-category/mug/index.html]
[jobify-demos.astoundify.com/classic/product-tag/mug/index.html]
[jobify-demos.astoundify.com/classic/wp-json/oembed/1.0/embedeffb.json]
[jobify-demos.astoundify.com/classic/product/jobify-note-book/feed/index.html]
[jobify-demos.astoundify.com/classic/wp-json/oembed/1.0/embedf7e7]
[17314-presscdn-0-16-pagely.netdna-ssl.com/classic/wp-content/uploads/sites/2/2016/04/Jobify-Note-Book.jpg]
[17314-presscdn-0-16-pagely.netdna-ssl.com/classic/wp-content/uploads/sites/2/2016/04/Jobify-Note-Book-600x600.jpg]
[jobify-demos.astoundify.com/classic/product/jobify-note-book/index.html]
[jobify-demos.astoundify.com/classic/shop/index21ca.html]
[jobify-demos.astoundify.com/classic/wp-json/oembed/1.0/embedc2a4.json]
[jobify-demos.astoundify.com/classic/product-category/book/index.html]
[jobify-demos.astoundify.com/classic/product-tag/book/index.html]
[jobify-demos.astoundify.com/classic/product/jobify-tee-white/feed/index.html]
[jobify-demos.astoundify.com/classic/wp-json/oembed/1.0/embed737e]
[17314-presscdn-0-16-pagely.netdna-ssl.com/classic/wp-content/uploads/sites/2/2016/04/jobify-t-shirt.jpg]
[17314-presscdn-0-16-pagely.netdna-ssl.com/classic/wp-content/uploads/sites/2/2016/04/jobify-t-shirt-600x600.jpg]
[jobify-demos.astoundify.com/classic/product/jobify-tee-white/index.html]
[17314-presscdn-0-16-pagely.netdna-ssl.com/classic/wp-content/plugins/woocommerce/assets/js/frontend/add-to-cart-variation.min0226.js]
[jobify-demos.astoundify.com/classic/product-category/t-shirt/index.html]
[jobify-demos.astoundify.com/classic/product-tag/bag/index.html]
[jobify-demos.astoundify.com/classic/product/jobify-tee-white/index4940.html]
[jobify-demos.astoundify.com/classic/product/jobify-tote-bag/feed/index.html]
[jobify-demos.astoundify.com/classic/wp-json/oembed/1.0/embed8f6b.json]
[jobify-demos.astoundify.com/classic/wp-json/oembed/1.0/embeda14a]
[17314-presscdn-0-16-pagely.netdna-ssl.com/classic/wp-content/uploads/sites/2/2016/04/jobify-tote-bag.jpg]
[17314-presscdn-0-16-pagely.netdna-ssl.com/classic/wp-content/uploads/sites/2/2016/04/jobify-tote-bag-600x600.jpg]
[jobify-demos.astoundify.com/classic/product/jobify-tote-bag/index.html]
[jobify-demos.astoundify.com/classic/shop/index4940.html]
[jobify-demos.astoundify.com/classic/indexe31a.html]
[jobify-demos.astoundify.com/classic/indexfeb6.html]
[17314-presscdn-0-16-pagely.netdna-ssl.com/classic/wp-content/plugins/woocommerce/assets/css/select20226.css]
[jobify-demos.astoundify.com/classic/index6529.html]
[jobify-demos.astoundify.com/classic/account/lost-password/index.html]
[jobify-demos.astoundify.com/classic/index21b3.html]
[17314-presscdn-0-16-pagely.netdna-ssl.com/classic/wp-content/plugins/woocommerce/assets/js/frontend/lost-password.min0226.js]
[jobify-demos.astoundify.com/classic/job-category/design/index.html]
[17314-presscdn-0-16-pagely.netdna-ssl.com/classic/wp-content/plugins/ninja-forms/deprecated/css/ninja-forms-displayb58d.css]
[17314-presscdn-0-16-pagely.netdna-ssl.com/classic/wp-content/uploads/sites/2/2014/03/hero-job-image.jpg]
[17314-presscdn-0-16-pagely.netdna-ssl.com/classic/wp-content/plugins/ninja-forms/deprecated/css/qtip7bcd.css]
[jobify-demos.astoundify.com/classic/product-category/bag/index.html]
[jobify-demos.astoundify.com/classic/job-category/design/feed/index.html]
[jobify-demos.astoundify.com/classic/job-category/design/page/2/index.html]
[17314-presscdn-0-16-pagely.netdna-ssl.com/classic/wp-content/plugins/ninja-forms/deprecated/images/delete.gif]
[17314-presscdn-0-16-pagely.netdna-ssl.com/classic/wp-content/plugins/ninja-forms/deprecated/images/star.gif]
[17314-presscdn-0-16-pagely.netdna-ssl.com/classic/wp-content/plugins/ninja-forms/deprecated/css/jquery.rating7bcd.css]
[jobify-demos.astoundify.com/classic/index70b5.html]
[jobify-demos.astoundify.com/classic/index585c.html]
[jobify-demos.astoundify.com/classic/job-category/developement/index.html]
[jobify-demos.astoundify.com/classic/index8a4e.html]
[jobify-demos.astoundify.com/classic/job-category/marketing/index.html]
[jobify-demos.astoundify.com/classic/index5fa8.html]
[jobify-demos.astoundify.com/classic/indexa238.html]
[jobify-demos.astoundify.com/classic/indexdccb.html]
[jobify-demos.astoundify.com/classic/2016/03/29/middle-class-jobs-are-being-replaced-by-burger-flipping-retail-sales-low-pay-jobs-4/index9a7b.html]
[jobify-demos.astoundify.com/classic/2016/03/29/middle-class-jobs-are-being-replaced-by-burger-flipping-retail-sales-low-pay-jobs-4/index5a58.html]
[jobify-demos.astoundify.com/classic/2016/03/29/middle-class-jobs-are-being-replaced-by-burger-flipping-retail-sales-low-pay-jobs-4/index386f.html]
[jobify-demos.astoundify.com/classic/2016/03/29/middle-class-jobs-are-being-replaced-by-burger-flipping-retail-sales-low-pay-jobs-4/index9f21.html]
[jobify-demos.astoundify.com/classic/2016/03/29/middle-class-jobs-are-being-replaced-by-burger-flipping-retail-sales-low-pay-jobs-4/index3081.html]
[17314-presscdn-0-16-pagely.netdna-ssl.com/classic/wp-content/uploads/sites/2/2014/03/company-logo-okcupid.jpg]
[jobify-demos.astoundify.com/classic/index9437.html]
[jobify-demos.astoundify.com/classic/2016/03/22/do-you-have-a-job-that-the-average-person-doesnt-even-know-exists/index9a7b.html]
[jobify-demos.astoundify.com/classic/2016/03/22/do-you-have-a-job-that-the-average-person-doesnt-even-know-exists/index5a58.html]
[jobify-demos.astoundify.com/classic/2016/03/22/do-you-have-a-job-that-the-average-person-doesnt-even-know-exists/index386f.html]
[jobify-demos.astoundify.com/classic/2016/03/22/do-you-have-a-job-that-the-average-person-doesnt-even-know-exists/index9f21.html]
[jobify-demos.astoundify.com/classic/2016/03/22/do-you-have-a-job-that-the-average-person-doesnt-even-know-exists/index3081.html]
[jobify-demos.astoundify.com/classic/job-category/developement/feed/index.html]
[jobify-demos.astoundify.com/classic/index64d2.html]
[jobify-demos.astoundify.com/classic/2016/02/22/middle-class-jobs-are-being-replaced-by-burger-flipping-retail-sales-low-pay-jobs-2/index9a7b.html]
[jobify-demos.astoundify.com/classic/2016/02/22/middle-class-jobs-are-being-replaced-by-burger-flipping-retail-sales-low-pay-jobs-2/index5a58.html]
[jobify-demos.astoundify.com/classic/2016/02/22/middle-class-jobs-are-being-replaced-by-burger-flipping-retail-sales-low-pay-jobs-2/index386f.html]
[jobify-demos.astoundify.com/classic/2016/02/22/middle-class-jobs-are-being-replaced-by-burger-flipping-retail-sales-low-pay-jobs-2/index9f21.html]
[jobify-demos.astoundify.com/classic/2016/02/22/middle-class-jobs-are-being-replaced-by-burger-flipping-retail-sales-low-pay-jobs-2/index3081.html]
[jobify-demos.astoundify.com/classic/2016/03/29/middle-class-jobs-are-being-replaced-by-burger-flipping-retail-sales-low-pay-jobs-4/index62e6.html]
[jobify-demos.astoundify.com/classic/job-category/marketing/feed/index.html]
[jobify-demos.astoundify.com/classic/indexbc7f.html]
[jobify-demos.astoundify.com/classic/index905b.html]
[jobify-demos.astoundify.com/classic/index1366.html]
[jobify-demos.astoundify.com/classic/indexc1ae.html]
[jobify-demos.astoundify.com/classic/index9e5d.html]
[jobify-demos.astoundify.com/classic/index6c1f.html]
[jobify-demos.astoundify.com/classic/indexd40d.html]
[jobify-demos.astoundify.com/classic/index0911.html]
[jobify-demos.astoundify.com/classic/indexadf1.html]
[jobify-demos.astoundify.com/classic/index3ac4.html]
[jobify-demos.astoundify.com/classic/indexb5fb.html]
[jobify-demos.astoundify.com/classic/index6ccc.html]
[jobify-demos.astoundify.com/classic/index41d8.html]
[jobify-demos.astoundify.com/classic/index2df4.html]
[jobify-demos.astoundify.com/classic/index4f03.html]
[jobify-demos.astoundify.com/classic/indexc4f7.html]
[jobify-demos.astoundify.com/classic/index066e.html]
[jobify-demos.astoundify.com/classic/index4e72.html]
[jobify-demos.astoundify.com/classic/2016/03/22/do-you-have-a-job-that-the-average-person-doesnt-even-know-exists/index62e6.html]
[jobify-demos.astoundify.com/classic/wp-includes/fonts/dashicons.eot]
[jobify-demos.astoundify.com/classic/wp-admin/images/loading.gif]
[jobify-demos.astoundify.com/classic/2016/02/22/middle-class-jobs-are-being-replaced-by-burger-flipping-retail-sales-low-pay-jobs-2/index62e6.html]
[jobify-demos.astoundify.com/classic/wp-admin/images/w-logo-blue7a53.png]
[jobify-demos.astoundify.com/classic/wp-admin/load-stylescd6e.css]
[jobify-demos.astoundify.com/classic/index13c2.html]
[jobify-demos.astoundify.com/classic/2016/01/06/canada-adds-12500-jobs-in-modest-july-rebound-which-is-a-good-sign/index9a7b.html]
[jobify-demos.astoundify.com/classic/2016/01/06/canada-adds-12500-jobs-in-modest-july-rebound-which-is-a-good-sign/index5a58.html]
[jobify-demos.astoundify.com/classic/2016/01/06/canada-adds-12500-jobs-in-modest-july-rebound-which-is-a-good-sign/index386f.html]
[jobify-demos.astoundify.com/classic/2016/01/06/canada-adds-12500-jobs-in-modest-july-rebound-which-is-a-good-sign/index9f21.html]
[jobify-demos.astoundify.com/classic/2016/01/06/canada-adds-12500-jobs-in-modest-july-rebound-which-is-a-good-sign/index3081.html]
[jobify-demos.astoundify.com/classic/index1905.html]
[jobify-demos.astoundify.com/classic/2016/01/02/canada-adds-12500-jobs-in-modest-july-rebound/index9a7b.html]
[jobify-demos.astoundify.com/classic/2016/01/02/canada-adds-12500-jobs-in-modest-july-rebound/index5a58.html]
[jobify-demos.astoundify.com/classic/2016/01/02/canada-adds-12500-jobs-in-modest-july-rebound/index386f.html]
[jobify-demos.astoundify.com/classic/2016/01/02/canada-adds-12500-jobs-in-modest-july-rebound/index9f21.html]
[jobify-demos.astoundify.com/classic/2016/01/02/canada-adds-12500-jobs-in-modest-july-rebound/index3081.html]
[jobify-demos.astoundify.com/classic/index2ec6.html]
[jobify-demos.astoundify.com/classic/2016/01/01/fitness-industry-leading-the-charge-on-hiring-in-the-uk-and-ireland/index9a7b.html]
[jobify-demos.astoundify.com/classic/2016/01/01/fitness-industry-leading-the-charge-on-hiring-in-the-uk-and-ireland/index5a58.html]
[jobify-demos.astoundify.com/classic/2016/01/01/fitness-industry-leading-the-charge-on-hiring-in-the-uk-and-ireland/index386f.html]
[jobify-demos.astoundify.com/classic/2016/01/01/fitness-industry-leading-the-charge-on-hiring-in-the-uk-and-ireland/index9f21.html]
[jobify-demos.astoundify.com/classic/2016/01/01/fitness-industry-leading-the-charge-on-hiring-in-the-uk-and-ireland/index3081.html]
[jobify-demos.astoundify.com/classic/wp-admin/images/wordpress-logo7d6b.svg]
[jobify-demos.astoundify.com/classic/index37d5.html]
[jobify-demos.astoundify.com/classic/2013/07/22/middle-class-jobs-are-being-replaced-by-burger-flipping-retail-sales-low-pay-jobs/index9a7b.html]
[jobify-demos.astoundify.com/classic/2013/07/22/middle-class-jobs-are-being-replaced-by-burger-flipping-retail-sales-low-pay-jobs/index5a58.html]
[jobify-demos.astoundify.com/classic/2013/07/22/middle-class-jobs-are-being-replaced-by-burger-flipping-retail-sales-low-pay-jobs/index386f.html]
[jobify-demos.astoundify.com/classic/2013/07/22/middle-class-jobs-are-being-replaced-by-burger-flipping-retail-sales-low-pay-jobs/index9f21.html]
[jobify-demos.astoundify.com/classic/2013/07/22/middle-class-jobs-are-being-replaced-by-burger-flipping-retail-sales-low-pay-jobs/index3081.html]
[jobify-demos.astoundify.com/classic/2016/01/02/canada-adds-12500-jobs-in-modest-july-rebound/index62e6.html]
[17314-presscdn-0-16-pagely.netdna-ssl.com/classic/wp-content/plugins/woocommerce/assets/css/photoswipe/photoswipe0226.css]
[jobify-demos.astoundify.com/classic/2016/01/06/canada-adds-12500-jobs-in-modest-july-rebound-which-is-a-good-sign/index62e6.html]
[jobify-demos.astoundify.com/classic/2016/01/01/fitness-industry-leading-the-charge-on-hiring-in-the-uk-and-ireland/index62e6.html]
[jobify-demos.astoundify.com/classic/2013/07/22/middle-class-jobs-are-being-replaced-by-burger-flipping-retail-sales-low-pay-jobs/index62e6.html]
[17314-presscdn-0-16-pagely.netdna-ssl.com/classic/wp-content/plugins/woocommerce/assets/css/photoswipe/default-skin/default-skin.png]
[17314-presscdn-0-16-pagely.netdna-ssl.com/classic/wp-content/plugins/woocommerce/assets/css/photoswipe/default-skin/default-skin.svg]
[17314-presscdn-0-16-pagely.netdna-ssl.com/classic/wp-content/plugins/woocommerce/assets/css/photoswipe/default-skin/preloader.gif]
[17314-presscdn-0-16-pagely.netdna-ssl.com/classic/wp-content/plugins/woocommerce/assets/css/photoswipe/default-skin/default-skin0226.css]
[jobify-demos.astoundify.com/classic/indexa15c.html]
[jobify-demos.astoundify.com/classic/product-category/coffee/index.html]
[jobify-demos.astoundify.com/classic/product-tag/coffee/index.html]
[jobify-demos.astoundify.com/classic/product-category/coffee/feed/index.html]
[jobify-demos.astoundify.com/classic/product-tag/coffee/index4c5d.html]
[jobify-demos.astoundify.com/classic/product-category/coffee/index4c5d.html]
[jobify-demos.astoundify.com/classic/product-tag/coffee/feed/index.html]
[jobify-demos.astoundify.com/classic/index9a95.html]
[jobify-demos.astoundify.com/classic/product-category/spirits/index.html]
[17314-presscdn-0-16-pagely.netdna-ssl.com/classic/wp-content/plugins/woocommerce/assets/js/zoom/jquery.zoom.min82b5.js]
[17314-presscdn-0-16-pagely.netdna-ssl.com/classic/wp-content/plugins/woocommerce/assets/js/flexslider/jquery.flexslider.minc141.js]
[jobify-demos.astoundify.com/classic/product-tag/gin/index.html]
[17314-presscdn-0-16-pagely.netdna-ssl.com/classic/wp-content/uploads/sites/2/2016/04/Jobify-Bottle.jpg]
[jobify-demos.astoundify.com/classic/index74a5.html]
[jobify-demos.astoundify.com/classic/product-category/spirits/feed/index.html]
[jobify-demos.astoundify.com/classic/product-category/mug/index.html]
[jobify-demos.astoundify.com/classic/product-category/spirits/indexf9a5.html]
[jobify-demos.astoundify.com/classic/product-tag/mug/index.html]
[jobify-demos.astoundify.com/classic/product-tag/gin/feed/index.html]
[jobify-demos.astoundify.com/classic/product-tag/gin/indexf9a5.html]
[jobify-demos.astoundify.com/classic/indexbd72.html]
[jobify-demos.astoundify.com/classic/product-category/mug/feed/index.html]
[jobify-demos.astoundify.com/classic/product-category/book/index.html]
[jobify-demos.astoundify.com/classic/product-category/mug/indexef2b.html]
[jobify-demos.astoundify.com/classic/product-tag/mug/feed/index.html]
[jobify-demos.astoundify.com/classic/product-tag/book/index.html]
[jobify-demos.astoundify.com/classic/product-tag/mug/indexef2b.html]
[jobify-demos.astoundify.com/classic/product-category/book/feed/index.html]
[jobify-demos.astoundify.com/classic/index2081.html]
[jobify-demos.astoundify.com/classic/product-category/t-shirt/index.html]
[jobify-demos.astoundify.com/classic/product-category/book/index21ca.html]
[jobify-demos.astoundify.com/classic/product-tag/book/feed/index.html]
[jobify-demos.astoundify.com/classic/product-tag/bag/index.html]
[jobify-demos.astoundify.com/classic/product-tag/book/index21ca.html]
[jobify-demos.astoundify.com/classic/product/jobify-tee-white/index4940.html]
[jobify-demos.astoundify.com/classic/indexe14b.html]
[jobify-demos.astoundify.com/classic/product-category/bag/index.html]
[jobify-demos.astoundify.com/classic/product-category/t-shirt/feed/index.html]
[jobify-demos.astoundify.com/classic/product-tag/bag/index4940.html]
[jobify-demos.astoundify.com/classic/product-tag/bag/feed/index.html]
[jobify-demos.astoundify.com/classic/job-category/design/page/2/index.html]
[jobify-demos.astoundify.com/classic/2016/03/29/middle-class-jobs-are-being-replaced-by-burger-flipping-retail-sales-low-pay-jobs-4/index62e6.html]
[17314-presscdn-0-16-pagely.netdna-ssl.com/classic/wp-content/plugins/woocommerce/assets/js/frontend/password-strength-meter.min0226.js]
[jobify-demos.astoundify.com/classic/2016/03/22/do-you-have-a-job-that-the-average-person-doesnt-even-know-exists/index62e6.html]
[jobify-demos.astoundify.com/classic/product-category/bag/feed/index.html]
[jobify-demos.astoundify.com/classic/2016/02/22/middle-class-jobs-are-being-replaced-by-burger-flipping-retail-sales-low-pay-jobs-2/index62e6.html]
[jobify-demos.astoundify.com/classic/product-category/bag/index4940.html]
[jobify-demos.astoundify.com/classic/wp-admin/images/wordpress-logo7d6b.svg]
[jobify-demos.astoundify.com/classic/2016/01/06/canada-adds-12500-jobs-in-modest-july-rebound-which-is-a-good-sign/index62e6.html]
[jobify-demos.astoundify.com/classic/2016/02/22/middle-class-jobs-are-being-replaced-by-burger-flipping-retail-sales-low-pay-jobs-2/indexfb4f.html]
[jobify-demos.astoundify.com/classic/2016/03/29/middle-class-jobs-are-being-replaced-by-burger-flipping-retail-sales-low-pay-jobs-4/indexfb4f.html]
[jobify-demos.astoundify.com/classic/2016/03/22/do-you-have-a-job-that-the-average-person-doesnt-even-know-exists/indexfb4f.html]
[jobify-demos.astoundify.com/classic/2016/01/02/canada-adds-12500-jobs-in-modest-july-rebound/index62e6.html]
[jobify-demos.astoundify.com/classic/2016/01/01/fitness-industry-leading-the-charge-on-hiring-in-the-uk-and-ireland/index62e6.html]
[jobify-demos.astoundify.com/classic/2013/07/22/middle-class-jobs-are-being-replaced-by-burger-flipping-retail-sales-low-pay-jobs/index62e6.html]
[jobify-demos.astoundify.com/classic/2016/01/06/canada-adds-12500-jobs-in-modest-july-rebound-which-is-a-good-sign/indexfb4f.html]
[17314-presscdn-0-16-pagely.netdna-ssl.com/classic/wp-content/plugins/woocommerce/assets/css/photoswipe/default-skin/default-skin.svg]
[jobify-demos.astoundify.com/classic/product-category/coffee/index4c5d.html]
[jobify-demos.astoundify.com/classic/product-tag/coffee/index4c5d.html]
[jobify-demos.astoundify.com/classic/product-category/spirits/indexf9a5.html]
[jobify-demos.astoundify.com/classic/product-tag/gin/indexf9a5.html]
[jobify-demos.astoundify.com/classic/product-category/mug/indexef2b.html]
[jobify-demos.astoundify.com/classic/product-tag/mug/indexef2b.html]
[jobify-demos.astoundify.com/classic/product-category/book/index21ca.html]
[jobify-demos.astoundify.com/classic/product-tag/book/index21ca.html]
[jobify-demos.astoundify.com/classic/product-tag/bag/index4940.html]
[jobify-demos.astoundify.com/classic/product-category/bag/index4940.html]
[jobify-demos.astoundify.com/classic/2016/03/29/middle-class-jobs-are-being-replaced-by-burger-flipping-retail-sales-low-pay-jobs-4/indexfb4f.html]
[jobify-demos.astoundify.com/classic/2016/03/22/do-you-have-a-job-that-the-average-person-doesnt-even-know-exists/indexfb4f.html]
[jobify-demos.astoundify.com/classic/2016/02/22/middle-class-jobs-are-being-replaced-by-burger-flipping-retail-sales-low-pay-jobs-2/indexfb4f.html]
[jobify-demos.astoundify.com/classic/2016/01/06/canada-adds-12500-jobs-in-modest-july-rebound-which-is-a-good-sign/indexfb4f.html]
[jobify-demos.astoundify.com/classic/2016/01/02/canada-adds-12500-jobs-in-modest-july-rebound/indexfb4f.html]
[jobify-demos.astoundify.com/classic/2016/01/02/canada-adds-12500-jobs-in-modest-july-rebound/indexfb4f.html]
[jobify-demos.astoundify.com/classic/2016/01/01/fitness-industry-leading-the-charge-on-hiring-in-the-uk-and-ireland/indexfb4f.html]
[jobify-demos.astoundify.com/classic/2016/01/01/fitness-industry-leading-the-charge-on-hiring-in-the-uk-and-ireland/indexfb4f.html]
[jobify-demos.astoundify.com/classic/2013/07/22/middle-class-jobs-are-being-replaced-by-burger-flipping-retail-sales-low-pay-jobs/indexfb4f.html]
[jobify-demos.astoundify.com/classic/2013/07/22/middle-class-jobs-are-being-replaced-by-burger-flipping-retail-sales-low-pay-jobs/indexfb4f.html]
